[themes.muffingroup.com/be/farm/index.html]
[www.google-analytics.com/analytics.js]
[backblue.gif]
[fade.gif]
[index.html]
[themes.muffingroup.com/be/farm/wp-content/themes/betheme/images/favicon.ico]
[themes.muffingroup.com/be/farm/comments/feed/index.html]
[themes.muffingroup.com/be/farm/feed/index.html]
[themes.muffingroup.com/be/farm/wp-includes/css/dist/block-library/style.min.css]
[themes.muffingroup.com/be/farm/wp-content/plugins/contact-form-7/includes/css/styles.css]
[themes.muffingroup.com/be/farm/home/feed/index.html]
[themes.muffingroup.com/be/farm/wp-content/plugins/revslider/public/assets/css/rs6.css]
[themes.muffingroup.com/be/farm/wp-content/themes/betheme/css/be.css]
[themes.muffingroup.com/be/farm/wp-content/themes/betheme/assets/animations/animations.min.css]
[themes.muffingroup.com/be/farm/wp-content/themes/betheme/fonts/fontawesome/fontawesome.css]
[themes.muffingroup.com/be/farm/wp-content/themes/betheme/assets/jplayer/css/jplayer.blue.monday.css]
[themes.muffingroup.com/be/farm/wp-content/themes/betheme/css/responsive.css]
[themes.muffingroup.com/be/farm/wp-content/uploads/2018/02/home_farm_header3.jpg]
[themes.muffingroup.com/be/farm/wp-content/plugins/be-demo/css/style.css]
[themes.muffingroup.com/be/farm/wp-includes/js/jquery/jquery.min.js]
[themes.muffingroup.com/be/farm/wp-includes/js/jquery/jquery-migrate.min.js]
[themes.muffingroup.com/be/farm/wp-content/plugins/revslider/public/assets/js/revolution.tools.min.js]
[themes.muffingroup.com/be/farm/wp-content/plugins/revslider/public/assets/js/rs6.min.js]
[themes.muffingroup.com/be/farm/wp-json/wp/v2/pages/2.json]
[themes.muffingroup.com/be/farm/xmlrpc0db0.php]
[themes.muffingroup.com/be/farm/wp-json/index.html]
[themes.muffingroup.com/be/farm/wp-includes/wlwmanifest.xml]
[themes.muffingroup.com/be/farm/wp-json/oembed/1.0/embedee82.json]
[themes.muffingroup.com/be/farm/wp-json/oembed/1.0/embed4b2f]
[themes.muffingroup.com/be/farm/wp-content/uploads/2018/02/farm.png]
[themes.muffingroup.com/be/farm/history/index.html]
[themes.muffingroup.com/be/farm/wp-content/uploads/2018/02/home_farm_slider_bg.jpg]
[themes.muffingroup.com/be/farm/contact/index.html]
[themes.muffingroup.com/be/farm/check-our-products/index.html]
[themes.muffingroup.com/be/farm/about-us/index.html]
[themes.muffingroup.com/be/farm/wp-content/uploads/2018/02/home_farm_pic1.jpg]
[themes.muffingroup.com/be/farm/wp-content/uploads/2018/02/home_farm_pic13.png]
[themes.muffingroup.com/be/farm/wp-content/uploads/2018/02/home_farm_columnbg1.jpg]
[themes.muffingroup.com/be/farm/wp-content/uploads/2018/02/home_farm_pic5.png]
[themes.muffingroup.com/be/farm/wp-content/uploads/2018/02/home_farm_pic4.jpg]
[themes.muffingroup.com/be/farm/wp-content/uploads/2018/02/home_farm_sectionbg1.jpg]
[themes.muffingroup.com/be/farm/wp-content/uploads/2018/02/home_farm_pic14.jpg]
[themes.muffingroup.com/be/farm/wp-content/uploads/2018/02/home_farm_pic6.png]
[themes.muffingroup.com/be/farm/wp-content/uploads/2018/02/home_farm_sectionbg4.jpg]
[themes.muffingroup.com/be/farm/wp-content/uploads/2018/02/home_farm_pic15.png]
[themes.muffingroup.com/be/farm/wp-content/uploads/2018/02/home_farm_pic16b.png]
[themes.muffingroup.com/be/farm/wp-content/uploads/2018/02/home_farm_pic17b.png]
[themes.muffingroup.com/be/farm/wp-content/uploads/2018/02/home_farm_pic18b.png]
[themes.muffingroup.com/be/farm/wp-content/uploads/2018/02/home_farm_sectionbg2.jpg]
[themes.muffingroup.com/be/farm/wp-content/uploads/2018/02/home_farm_pic8.png]
[themes.muffingroup.com/be/farm/wp-content/uploads/2018/02/home_farm_pic9.png]
[themes.muffingroup.com/be/farm/wp-content/uploads/2018/02/home_farm_pic10.png]
[themes.muffingroup.com/be/farm/wp-content/uploads/2018/02/home_farm_pic11.png]
[themes.muffingroup.com/be/farm/wp-content/uploads/2018/02/home_farm_pic7.png]
[themes.muffingroup.com/be/farm/wp-content/uploads/2018/02/home_farm_columnbg2.jpg]
[themes.muffingroup.com/be/farm/wp-content/uploads/2018/02/home_farm_pic12.png]
[themes.muffingroup.com/cdn-cgi/scripts/5c5dd728/cloudflare-static/email-decode.min.js]
[themes.muffingroup.com/be/farm/wp-includes/js/dist/vendor/regenerator-runtime.min.js]
[themes.muffingroup.com/be/farm/wp-includes/js/dist/vendor/wp-polyfill.min.js]
[themes.muffingroup.com/be/farm/wp-content/plugins/contact-form-7/includes/js/index.js]
[themes.muffingroup.com/be/farm/wp-includes/js/jquery/ui/core.min.js]
[themes.muffingroup.com/be/farm/wp-includes/js/jquery/ui/tabs.min.js]
[themes.muffingroup.com/be/farm/wp-content/themes/betheme/js/plugins.js]
[themes.muffingroup.com/be/farm/wp-content/themes/betheme/js/menu.js]
[themes.muffingroup.com/be/farm/wp-content/themes/betheme/assets/animations/animations.min.js]
[themes.muffingroup.com/be/farm/wp-content/themes/betheme/assets/jplayer/jplayer.min.js]
[themes.muffingroup.com/be/farm/wp-content/themes/betheme/js/parallax/translate3d.js]
[themes.muffingroup.com/be/farm/wp-content/themes/betheme/js/scripts.js]
[themes.muffingroup.com/be/farm/wp-content/plugins/be-demo/js/scripts.js]
[themes.muffingroup.com/be/farm/index.html]
[themes.muffingroup.com/be/farm/wp-includes/css/dist/block-library/style.min.css]
[themes.muffingroup.com/be/farm/wp-content/plugins/contact-form-7/includes/css/styles.css]
[themes.muffingroup.com/be/farm/wp-includes/js/wp-embed.min.js]
[themes.muffingroup.com/be/farm/wp-content/plugins/revslider/public/assets/fonts/revicons/revicons90c6.eot]
[themes.muffingroup.com/be/farm/wp-content/plugins/revslider/public/assets/fonts/revicons/revicons90c6.woff]
[themes.muffingroup.com/be/farm/wp-content/plugins/revslider/public/assets/fonts/revicons/revicons90c6.ttf]
[themes.muffingroup.com/be/farm/wp-content/plugins/revslider/public/assets/fonts/revicons/revicons90c6.svg]
[themes.muffingroup.com/be/farm/wp-content/plugins/revslider/public/assets/assets/gridtile.png]
[themes.muffingroup.com/be/farm/wp-content/plugins/revslider/public/assets/assets/gridtile_white.png]
[themes.muffingroup.com/be/farm/wp-content/plugins/revslider/public/assets/assets/gridtile_3x3.png]
[themes.muffingroup.com/be/farm/wp-content/plugins/revslider/public/assets/assets/gridtile_3x3_white.png]
[themes.muffingroup.com/be/farm/wp-content/plugins/revslider/public/assets/assets/coloredbg.png]
[themes.muffingroup.com/be/farm/wp-content/plugins/revslider/public/assets/assets/loader.gif]
[themes.muffingroup.com/be/farm/wp-content/plugins/revslider/public/assets/css/rs6.css]
[themes.muffingroup.com/be/farm/wp-content/themes/betheme/fonts/mfn/icons4cdc.eot]
[themes.muffingroup.com/be/farm/wp-content/themes/betheme/fonts/mfn/icons4cdc.woff]
[themes.muffingroup.com/be/farm/wp-content/themes/betheme/fonts/mfn/icons4cdc.ttf]
[themes.muffingroup.com/be/farm/wp-content/themes/betheme/fonts/mfn/icons4cdc.svg]
[themes.muffingroup.com/be/farm/wp-content/themes/betheme/images/stripes/stripes_5_b.png]
[themes.muffingroup.com/be/farm/wp-content/themes/betheme/images/stripes/stripes_3_b.png]
[themes.muffingroup.com/be/farm/wp-content/themes/betheme/images/preloader.gif]
[themes.muffingroup.com/be/farm/wp-content/themes/betheme/images/box_shadow.png]
[themes.muffingroup.com/be/farm/wp-content/themes/betheme/images/blog_masonry_tile_gradient.png]
[themes.muffingroup.com/be/farm/wp-content/themes/betheme/images/timeline_right.png]
[themes.muffingroup.com/be/farm/wp-content/themes/betheme/images/recent_comments.png]
[themes.muffingroup.com/be/farm/wp-content/themes/betheme/images/stripes/stripes_10_w.png]
[themes.muffingroup.com/be/farm/wp-content/themes/betheme/images/videomask.png]
[themes.muffingroup.com/be/farm/wp-content/themes/betheme/images/stripes/textline_dark.png]
[themes.muffingroup.com/be/farm/wp-content/themes/betheme/images/fancy_heading_hr_dark.png]
[themes.muffingroup.com/be/farm/wp-content/themes/betheme/images/stripes/textline.png]
[themes.muffingroup.com/be/farm/wp-content/themes/betheme/images/stripes/stripes_10_b.png]
[themes.muffingroup.com/be/farm/wp-content/themes/betheme/images/timeline_top.png]
[themes.muffingroup.com/be/farm/wp-content/themes/betheme/images/timeline_left.png]
[themes.muffingroup.com/be/farm/wp-content/themes/betheme/images/fancy_heading_hr.png]
[themes.muffingroup.com/be/farm/wp-content/themes/betheme/images/bg_panel.png]
[themes.muffingroup.com/be/farm/wp-content/themes/betheme/css/be.css]
[themes.muffingroup.com/be/farm/wp-content/themes/betheme/assets/animations/animations.min.css]
[themes.muffingroup.com/be/farm/wp-content/themes/betheme/fonts/fontawesome/fa-brands-400.eot]
[themes.muffingroup.com/be/farm/wp-content/themes/betheme/fonts/fontawesome/fa-brands-400d41d.eot]
[themes.muffingroup.com/be/farm/wp-content/themes/betheme/fonts/fontawesome/fa-brands-400.woff2]
[themes.muffingroup.com/be/farm/wp-content/themes/betheme/fonts/fontawesome/fa-brands-400.woff]
[themes.muffingroup.com/be/farm/wp-content/themes/betheme/fonts/fontawesome/fa-brands-400.ttf]
[themes.muffingroup.com/be/farm/wp-content/themes/betheme/fonts/fontawesome/fa-brands-400.svg]
[themes.muffingroup.com/be/farm/wp-content/themes/betheme/fonts/fontawesome/fa-regular-400.eot]
[themes.muffingroup.com/be/farm/wp-content/themes/betheme/fonts/fontawesome/fa-regular-400d41d.eot]
[themes.muffingroup.com/be/farm/wp-content/themes/betheme/fonts/fontawesome/fa-regular-400.woff2]
[themes.muffingroup.com/be/farm/wp-content/themes/betheme/fonts/fontawesome/fa-regular-400.woff]
[themes.muffingroup.com/be/farm/wp-content/themes/betheme/fonts/fontawesome/fa-regular-400.ttf]
[themes.muffingroup.com/be/farm/wp-content/themes/betheme/fonts/fontawesome/fa-regular-400.svg]
[themes.muffingroup.com/be/farm/wp-content/themes/betheme/fonts/fontawesome/fa-solid-900.eot]
[themes.muffingroup.com/be/farm/wp-content/themes/betheme/fonts/fontawesome/fa-solid-900d41d.eot]
[themes.muffingroup.com/be/farm/wp-content/themes/betheme/fonts/fontawesome/fa-solid-900.woff2]
[themes.muffingroup.com/be/farm/wp-content/themes/betheme/fonts/fontawesome/fa-solid-900.woff]
[themes.muffingroup.com/be/farm/wp-content/themes/betheme/fonts/fontawesome/fa-solid-900.ttf]
[themes.muffingroup.com/be/farm/wp-content/themes/betheme/fonts/fontawesome/fontawesome.css]
[themes.muffingroup.com/be/farm/wp-content/themes/betheme/fonts/fontawesome/fa-solid-900.svg]
[themes.muffingroup.com/be/farm/wp-content/themes/betheme/assets/jplayer/css/jplayer.png]
[themes.muffingroup.com/be/farm/wp-content/themes/betheme/assets/jplayer/css/jplayer.blue.monday.jpg]
[themes.muffingroup.com/be/farm/wp-content/themes/betheme/assets/jplayer/css/jplayer.blue.monday.seeking.gif]
[themes.muffingroup.com/be/farm/wp-content/themes/betheme/assets/jplayer/css/jplayer.blue.monday.css]
[themes.muffingroup.com/be/farm/wp-content/themes/betheme/css/responsive.css]
[muffingroup.com/themeforest_images/betheme/demo/assets/header.png]
[themes.muffingroup.com/be/farm/wp-content/plugins/be-demo/css/style.css]
[themes.muffingroup.com/be/farm/wp-includes/js/jquery/jquery.min.js]
[themes.muffingroup.com/be/farm/wp-includes/js/jquery/jquery-migrate.min.js]
[themes.muffingroup.com/be/farm/CustomEase.min.js]
[themes.muffingroup.com/be/farm/Version/index.html]
[themes.muffingroup.com/be/TweenLite.min.js]
[themes.muffingroup.com/be/farm/wp-content/plugins/revslider/public/assets/js/revolution.tools.min.js]
[themes.muffingroup.com/be/farm/wp-content/plugins/revslider/public/assets/js/rs6.min.js]
[player.vimeo.com/api/player.js]
[themes.muffingroup.com/be/farm/wp-json/wp/v2/pages/41.json]
[themes.muffingroup.com/be/farm/wp-json/oembed/1.0/embed6f24.json]
[themes.muffingroup.com/be/farm/wp-json/oembed/1.0/embed7387]
[themes.muffingroup.com/be/farm/wp-content/uploads/2018/02/home_farm_sectionbg5.jpg]
[themes.muffingroup.com/be/farm/wp-content/uploads/2018/02/home_farm_history1.jpg]
[themes.muffingroup.com/be/farm/wp-content/uploads/2018/02/home_farm_history2.png]
[themes.muffingroup.com/be/farm/wp-content/uploads/2018/02/home_farm_sectionbg6.jpg]
[themes.muffingroup.com/be/farm/wp-content/uploads/2018/02/home_farm_history3.png]
[themes.muffingroup.com/be/farm/history/index.html]
[themes.muffingroup.com/be/farm/wp-json/wp/v2/pages/45.json]
[themes.muffingroup.com/be/farm/wp-json/oembed/1.0/embed906c.json]
[themes.muffingroup.com/be/farm/wp-json/oembed/1.0/embed335b]
[themes.muffingroup.com/be/farm/wp-content/uploads/2018/02/home_farm_products1.jpg]
[themes.muffingroup.com/be/farm/wp-content/uploads/2018/02/home_farm_products2.png]
[themes.muffingroup.com/be/farm/wp-content/uploads/2018/02/home_farm_sectionbg8.jpg]
[themes.muffingroup.com/be/farm/wp-content/uploads/2018/02/home_farm_products3.jpg]
[themes.muffingroup.com/be/farm/wp-content/uploads/2018/02/home_farm_products4.jpg]
[themes.muffingroup.com/be/farm/wp-content/uploads/2018/02/home_farm_products5.jpg]
[themes.muffingroup.com/be/farm/check-our-products/index.html]
[themes.muffingroup.com/be/farm/wp-content/uploads/2018/02/home_farm_header2.jpg]
[themes.muffingroup.com/be/farm/wp-json/wp/v2/pages/47.json]
[themes.muffingroup.com/be/farm/wp-json/oembed/1.0/embed6b42.json]
[themes.muffingroup.com/be/farm/wp-json/oembed/1.0/embed4461]
[themes.muffingroup.com/be/farm/wp-content/uploads/2018/02/home_farm_sectionbg9.png]
[themes.muffingroup.com/be/farm/wp-content/uploads/2018/02/home_farm_about1.png]
[themes.muffingroup.com/be/farm/about-us/index.html]
[themes.muffingroup.com/be/farm/wp-content/uploads/2018/02/home_farm_header1.jpg]
[themes.muffingroup.com/be/farm/wp-json/wp/v2/pages/43.json]
[themes.muffingroup.com/be/farm/wp-json/oembed/1.0/embedb489.json]
[themes.muffingroup.com/be/farm/wp-json/oembed/1.0/embed18cc]
[themes.muffingroup.com/be/farm/wp-content/uploads/2018/02/home_farm_sectionbg7.jpg]
[themes.muffingroup.com/be/farm/wp-content/uploads/2018/02/home_farm_contact2.png]
[themes.muffingroup.com/be/farm/contact/index.html]
[themes.muffingroup.com/be/farm/wp-includes/js/dist/vendor/regenerator-runtime.min.js]
[themes.muffingroup.com/be/farm/wp-includes/js/dist/vendor/wp-polyfill.min.js]
[themes.muffingroup.com/be/farm/wp-content/plugins/contact-form-7/includes/js/index.js]
[themes.muffingroup.com/be/farm/wp-includes/js/jquery/ui/core.min.js]
[themes.muffingroup.com/be/farm/wp-includes/js/jquery/ui/tabs.min.js]
[themes.muffingroup.com/be/farm/wp-content/themes/betheme/js/plugins.js]
[themes.muffingroup.com/be/farm/wp-content/themes/betheme/js/menu.js]
[themes.muffingroup.com/be/farm/wp-content/themes/betheme/assets/animations/animations.min.js]
[themes.muffingroup.com/be/farm/wp-content/themes/betheme/assets/jplayer/jplayer.min.js]
[themes.muffingroup.com/be/farm/wp-content/themes/betheme/js/parallax/translate3d.js]
[themes.muffingroup.com/be/farm/wp-content/themes/betheme/js/scripts.js]
[themes.muffingroup.com/be/farm/wp-content/plugins/be-demo/js/scripts.js]
[themes.muffingroup.com/be/farm/wp-includes/js/wp-embed.min.js]
[themes.muffingroup.com/be/farm/wp-content/plugins/revslider/public/assets/fonts/revicons/revicons90c6.svg]
[themes.muffingroup.com/be/farm/wp-content/plugins/revslider/public/assets/css/openhand.html]
[themes.muffingroup.com/be/farm/wp-content/plugins/revslider/public/assets/css/closedhand.html]
[themes.muffingroup.com/be/farm/wp-content/themes/betheme/fonts/mfn/icons4cdc.svg]
[themes.muffingroup.com/be/farm/wp-content/themes/betheme/fonts/fontawesome/fa-brands-400.svg]
[themes.muffingroup.com/be/farm/wp-content/themes/betheme/fonts/fontawesome/fa-regular-400.svg]
[themes.muffingroup.com/be/farm/wp-content/themes/betheme/fonts/fontawesome/fa-solid-900.svg]
[themes.muffingroup.com/be/farm/Version/index.html]
[themes.muffingroup.com/be/farm/CustomEase.min.html]
[themes.muffingroup.com/be/TweenLite.min.html]
[themes.muffingroup.com/be/farm/origin=https_/index.html]
[themes.muffingroup.com/be/farm/indexcbb6.html]
[themes.muffingroup.com/be/farm/index5e74.html]
[themes.muffingroup.com/be/farm/indexcb30.html]
[themes.muffingroup.com/be/farm/index4170.html]
